******************************************************************************
                  TI ARM Linker PC v20.2.7                     
******************************************************************************
>> Linked Mon Mar 24 14:27:45 2025

OUTPUT FILE NAME:   <SWOMP_TX.out>
ENTRY POINT SYMBOL: "_c_int00_noargs"  address: 00000f25


MEMORY CONFIGURATION

         name            origin    length      used     unused   attr    fill
----------------------  --------  ---------  --------  --------  ----  --------
  FLASH                 00000000   00040000  00001160  0003eea0  R  X
  SRAM                  20000000   00008000  00000205  00007dfb  RW X


SEGMENT ALLOCATION MAP

run origin  load origin   length   init length attrs members
----------  ----------- ---------- ----------- ----- -------
00000000    00000000    00001160   00001160    r-x
  00000000    00000000    0000026c   0000026c    r-- .intvecs
  0000026c    0000026c    00000db0   00000db0    r-x .text
  0000101c    0000101c    0000012c   0000012c    r-- .const
  00001148    00001148    00000018   00000018    r-- .cinit
20000000    20000000    00000205   00000000    rw-
  20000000    20000000    00000200   00000000    rw- .stack
  20000200    20000200    00000005   00000000    rw- .data


SECTION ALLOCATION MAP

 output                                  attributes/
section   page    origin      length       input sections
--------  ----  ----------  ----------   ----------------
.intvecs   0    00000000    0000026c     
                  00000000    0000026c     tm4c123gh6pm_startup_ccs.obj (.intvecs)

.text      0    0000026c    00000db0     
                  0000026c    000004a8     uartstdio.obj (.text)
                  00000714    00000210     main.obj (.text)
                  00000924    0000016c     driverlib.lib : gpio.obj (.text:GPIOPadConfigSet)
                  00000a90    00000118                   : sysctl.obj (.text:SysCtlClockGet)
                  00000ba8    000000f4                   : sysctl.obj (.text:SysCtlClockSet)
                  00000c9c    0000009c     rtsv7M4_T_le_v4SPD16_eabi.lib : memcpy_t2.asm.obj (.text)
                  00000d38    00000068                                   : copy_decompress_lzss.c.obj (.text:decompress:lzss:__TI_decompress_lzss)
                  00000da0    0000004c     driverlib.lib : gpio.obj (.text:GPIOPinConfigure)
                  00000dec    00000046                   : uart.obj (.text:UARTConfigSetExpClk)
                  00000e32    00000002     rtsv7M4_T_le_v4SPD16_eabi.lib : div0.asm.obj (.text)
                  00000e34    00000044                                   : autoinit.c.obj (.text:__TI_auto_init_nobinit_nopinit:__TI_auto_init_nobinit_nopinit)
                  00000e78    00000040                                   : u_divt2.asm.obj (.text)
                  00000eb8    00000038     driverlib.lib : sysctl.obj (.text:SysCtlPeripheralPresent)
                  00000ef0    00000034                   : sysctl.obj (.text:SysCtlPeripheralEnable)
                  00000f24    00000034     rtsv7M4_T_le_v4SPD16_eabi.lib : boot_cortex_m.c.obj (.text:_c_int00_noargs:_c_int00_noargs)
                  00000f58    0000002c     driverlib.lib : gpio.obj (.text:GPIODirModeSet)
                  00000f84    00000020                   : uart.obj (.text:UARTDisable)
                  00000fa4    00000016                   : gpio.obj (.text:GPIOPinTypeUART)
                  00000fba    00000014                   : uart.obj (.text:UARTEnable)
                  00000fce    0000000e     rtsv7M4_T_le_v4SPD16_eabi.lib : copy_decompress_none.c.obj (.text:decompress:none:__TI_decompress_none)
                  00000fdc    0000000c     tm4c123gh6pm_startup_ccs.obj (.text)
                  00000fe8    0000000a     driverlib.lib : uart.obj (.text:UARTCharGet)
                  00000ff2    0000000a                   : uart.obj (.text:UARTCharPut)
                  00000ffc    0000000a                   : uart.obj (.text:UARTFIFOEnable)
                  00001006    00000008                   : uart.obj (.text:UARTBusy)
                  0000100e    00000006                   : sysctl.obj (.text:SysCtlDelay)
                  00001014    00000004     rtsv7M4_T_le_v4SPD16_eabi.lib : pre_init.c.obj (.text:_system_pre_init)
                  00001018    00000004                                   : exit.c.obj (.text:abort:abort)

.const     0    0000101c    0000012c     
                  0000101c    00000090     driverlib.lib : gpio.obj (.const:g_pui32GPIOBaseAddrs)
                  000010ac    0000006c                   : sysctl.obj (.const:g_pui32Xtals)
                  00001118    00000012     uartstdio.obj (.const:.string)
                  0000112a    00000002     --HOLE-- [fill = 0]
                  0000112c    0000000c     uartstdio.obj (.const:g_ui32UARTBase)
                  00001138    0000000c     uartstdio.obj (.const:g_ui32UARTPeriph)
                  00001144    00000004     uartstdio.obj (.const)

.cinit     0    00001148    00000018     
                  00001148    00000008     (__TI_handler_table)
                  00001150    00000007     (.cinit..data.load) [load image, compression = lzss]
                  00001157    00000001     --HOLE-- [fill = 0]
                  00001158    00000008     (__TI_cinit_table)

.init_array 
*          0    00000000    00000000     UNINITIALIZED

.data      0    20000200    00000005     UNINITIALIZED
                  20000200    00000005     uartstdio.obj (.data)

.stack     0    20000000    00000200     UNINITIALIZED
                  20000000    00000004     rtsv7M4_T_le_v4SPD16_eabi.lib : boot_cortex_m.c.obj (.stack)
                  20000004    000001fc     --HOLE--

__llvm_prf_cnts 
*          0    20000000    00000000     UNINITIALIZED

MODULE SUMMARY

       Module                         code   ro data   rw data
       ------                         ----   -------   -------
    .\
       uartstdio.obj                  1192   46        5      
       tm4c123gh6pm_startup_ccs.obj   12     620       0      
       main.obj                       528    0         0      
    +--+------------------------------+------+---------+---------+
       Total:                         1732   666       5      
                                                              
    C:/ti/TivaWare_C_Series-2.2.0.295/driverlib/ccs/Debug/driverlib.lib
       sysctl.obj                     638    108       0      
       gpio.obj                       506    144       0      
       uart.obj                       160    0         0      
    +--+------------------------------+------+---------+---------+
       Total:                         1304   252       0      
                                                              
    C:\ti\ccs1240\ccs\tools\compiler\ti-cgt-arm_20.2.7.LTS\lib\rtsv7M4_T_le_v4SPD16_eabi.lib
       memcpy_t2.asm.obj              156    0         0      
       copy_decompress_lzss.c.obj     104    0         0      
       autoinit.c.obj                 68     0         0      
       u_divt2.asm.obj                64     0         0      
       boot_cortex_m.c.obj            52     0         0      
       copy_decompress_none.c.obj     14     0         0      
       exit.c.obj                     4      0         0      
       pre_init.c.obj                 4      0         0      
       div0.asm.obj                   2      0         0      
    +--+------------------------------+------+---------+---------+
       Total:                         468    0         0      
                                                              
       Stack:                         0      0         512    
       Linker Generated:              0      23        0      
    +--+------------------------------+------+---------+---------+
       Grand Total:                   3504   941       517    


LINKER GENERATED COPY TABLES

__TI_cinit_table @ 00001158 records: 1, size/record: 8, table size: 8
	.data: load addr=00001150, load size=00000007 bytes, run addr=20000200, run size=00000005 bytes, compression=lzss


LINKER GENERATED HANDLER TABLE

__TI_handler_table @ 00001148 records: 2, size/record: 4, table size: 8
	index: 0, handler: __TI_decompress_lzss
	index: 1, handler: __TI_decompress_none


GLOBAL SYMBOLS: SORTED ALPHABETICALLY BY Name 

address   name                          
-------   ----                          
00001019  C$$EXIT                       
00000f59  GPIODirModeSet                
00000925  GPIOPadConfigSet              
00000da1  GPIOPinConfigure              
00000fa5  GPIOPinTypeUART               
00000799  InitConsole                   
0000075b  InitUART                      
00000841  ReceivePacketByte             
00000fdd  ResetISR                      
00000a91  SysCtlClockGet                
00000ba9  SysCtlClockSet                
0000100f  SysCtlDelay                   
00000ef1  SysCtlPeripheralEnable        
00000eb9  SysCtlPeripheralPresent       
000007ff  TransmitPacket                
00001007  UARTBusy                      
00000fe9  UARTCharGet                   
00000ff3  UARTCharPut                   
00000ded  UARTConfigSetExpClk           
00000f85  UARTDisable                   
00000fbb  UARTEnable                    
00000ffd  UARTFIFOEnable                
0000026d  UARTStdioConfig               
000007e3  UART_SendByte                 
000003bd  UARTgetc                      
00000303  UARTgets                      
000006df  UARTprintf                    
000003e5  UARTvprintf                   
000002b3  UARTwrite                     
00000853  WaitForAck                    
20000200  __STACK_END                   
00000200  __STACK_SIZE                  
20000200  __STACK_TOP                   
00001158  __TI_CINIT_Base               
00001160  __TI_CINIT_Limit              
00001148  __TI_Handler_Table_Base       
00001150  __TI_Handler_Table_Limit      
00000e35  __TI_auto_init_nobinit_nopinit
00000d39  __TI_decompress_lzss          
00000fcf  __TI_decompress_none          
ffffffff  __TI_pprof_out_hndl           
ffffffff  __TI_prof_data_size           
ffffffff  __TI_prof_data_start          
00000000  __TI_static_base__            
00000e33  __aeabi_idiv0                 
00000e33  __aeabi_ldiv0                 
00000c9d  __aeabi_memcpy                
00000c9d  __aeabi_memcpy4               
00000c9d  __aeabi_memcpy8               
00000e79  __aeabi_uidiv                 
00000e79  __aeabi_uidivmod              
ffffffff  __binit__                     
ffffffff  __c_args__                    
UNDEFED   __mpu_init                    
20000000  __stack                       
20000000  __start___llvm_prf_cnts       
20000000  __stop___llvm_prf_cnts        
00000f25  _c_int00_noargs               
UNDEFED   _system_post_cinit            
00001015  _system_pre_init              
00001019  abort                         
ffffffff  binit                         
00000000  g_pfnVectors                  
00000715  main                          
00000c9d  memcpy                        


GLOBAL SYMBOLS: SORTED BY Symbol Address 

address   name                          
-------   ----                          
00000000  __TI_static_base__            
00000000  g_pfnVectors                  
00000200  __STACK_SIZE                  
0000026d  UARTStdioConfig               
000002b3  UARTwrite                     
00000303  UARTgets                      
000003bd  UARTgetc                      
000003e5  UARTvprintf                   
000006df  UARTprintf                    
00000715  main                          
0000075b  InitUART                      
00000799  InitConsole                   
000007e3  UART_SendByte                 
000007ff  TransmitPacket                
00000841  ReceivePacketByte             
00000853  WaitForAck                    
00000925  GPIOPadConfigSet              
00000a91  SysCtlClockGet                
00000ba9  SysCtlClockSet                
00000c9d  __aeabi_memcpy                
00000c9d  __aeabi_memcpy4               
00000c9d  __aeabi_memcpy8               
00000c9d  memcpy                        
00000d39  __TI_decompress_lzss          
00000da1  GPIOPinConfigure              
00000ded  UARTConfigSetExpClk           
00000e33  __aeabi_idiv0                 
00000e33  __aeabi_ldiv0                 
00000e35  __TI_auto_init_nobinit_nopinit
00000e79  __aeabi_uidiv                 
00000e79  __aeabi_uidivmod              
00000eb9  SysCtlPeripheralPresent       
00000ef1  SysCtlPeripheralEnable        
00000f25  _c_int00_noargs               
00000f59  GPIODirModeSet                
00000f85  UARTDisable                   
00000fa5  GPIOPinTypeUART               
00000fbb  UARTEnable                    
00000fcf  __TI_decompress_none          
00000fdd  ResetISR                      
00000fe9  UARTCharGet                   
00000ff3  UARTCharPut                   
00000ffd  UARTFIFOEnable                
00001007  UARTBusy                      
0000100f  SysCtlDelay                   
00001015  _system_pre_init              
00001019  C$$EXIT                       
00001019  abort                         
00001148  __TI_Handler_Table_Base       
00001150  __TI_Handler_Table_Limit      
00001158  __TI_CINIT_Base               
00001160  __TI_CINIT_Limit              
20000000  __stack                       
20000000  __start___llvm_prf_cnts       
20000000  __stop___llvm_prf_cnts        
20000200  __STACK_END                   
20000200  __STACK_TOP                   
ffffffff  __TI_pprof_out_hndl           
ffffffff  __TI_prof_data_size           
ffffffff  __TI_prof_data_start          
ffffffff  __binit__                     
ffffffff  __c_args__                    
ffffffff  binit                         
UNDEFED   __mpu_init                    
UNDEFED   _system_post_cinit            

[65 symbols]
