******************************************************************************
                  TI ARM Linker PC v20.2.7                     
******************************************************************************
>> Linked Mon Mar 24 15:17:56 2025

OUTPUT FILE NAME:   <SWOMP_RX.out>
ENTRY POINT SYMBOL: "_c_int00_noargs"  address: 00000f8d


MEMORY CONFIGURATION

         name            origin    length      used     unused   attr    fill
----------------------  --------  ---------  --------  --------  ----  --------
  FLASH                 00000000   00040000  000011c8  0003ee38  R  X
  SRAM                  20000000   00008000  00000205  00007dfb  RW X


SEGMENT ALLOCATION MAP

run origin  load origin   length   init length attrs members
----------  ----------- ---------- ----------- ----- -------
00000000    00000000    000011c8   000011c8    r-x
  00000000    00000000    0000026c   0000026c    r-- .intvecs
  0000026c    0000026c    00000e18   00000e18    r-x .text
  00001084    00001084    0000012c   0000012c    r-- .const
  000011b0    000011b0    00000018   00000018    r-- .cinit
20000000    20000000    00000205   00000000    rw-
  20000000    20000000    00000200   00000000    rw- .stack
  20000200    20000200    00000005   00000000    rw- .data


SECTION ALLOCATION MAP

 output                                  attributes/
section   page    origin      length       input sections
--------  ----  ----------  ----------   ----------------
.intvecs   0    00000000    0000026c     
                  00000000    0000026c     tm4c123gh6pm_startup_ccs.obj (.intvecs)

.text      0    0000026c    00000e18     
                  0000026c    000004a8     uartstdio.obj (.text)
                  00000714    00000278     main.obj (.text)
                  0000098c    0000016c     driverlib.lib : gpio.obj (.text:GPIOPadConfigSet)
                  00000af8    00000118                   : sysctl.obj (.text:SysCtlClockGet)
                  00000c10    000000f4                   : sysctl.obj (.text:SysCtlClockSet)
                  00000d04    0000009c     rtsv7M4_T_le_v4SPD16_eabi.lib : memcpy_t2.asm.obj (.text)
                  00000da0    00000068                                   : copy_decompress_lzss.c.obj (.text:decompress:lzss:__TI_decompress_lzss)
                  00000e08    0000004c     driverlib.lib : gpio.obj (.text:GPIOPinConfigure)
                  00000e54    00000046                   : uart.obj (.text:UARTConfigSetExpClk)
                  00000e9a    00000002     rtsv7M4_T_le_v4SPD16_eabi.lib : div0.asm.obj (.text)
                  00000e9c    00000044                                   : autoinit.c.obj (.text:__TI_auto_init_nobinit_nopinit:__TI_auto_init_nobinit_nopinit)
                  00000ee0    00000040                                   : u_divt2.asm.obj (.text)
                  00000f20    00000038     driverlib.lib : sysctl.obj (.text:SysCtlPeripheralPresent)
                  00000f58    00000034                   : sysctl.obj (.text:SysCtlPeripheralEnable)
                  00000f8c    00000034     rtsv7M4_T_le_v4SPD16_eabi.lib : boot_cortex_m.c.obj (.text:_c_int00_noargs:_c_int00_noargs)
                  00000fc0    0000002c     driverlib.lib : gpio.obj (.text:GPIODirModeSet)
                  00000fec    00000020                   : uart.obj (.text:UARTDisable)
                  0000100c    00000016                   : gpio.obj (.text:GPIOPinTypeUART)
                  00001022    00000014                   : uart.obj (.text:UARTEnable)
                  00001036    0000000e     rtsv7M4_T_le_v4SPD16_eabi.lib : copy_decompress_none.c.obj (.text:decompress:none:__TI_decompress_none)
                  00001044    0000000c     tm4c123gh6pm_startup_ccs.obj (.text)
                  00001050    0000000a     driverlib.lib : uart.obj (.text:UARTCharGet)
                  0000105a    0000000a                   : uart.obj (.text:UARTCharPut)
                  00001064    0000000a                   : uart.obj (.text:UARTFIFOEnable)
                  0000106e    00000008                   : uart.obj (.text:UARTBusy)
                  00001076    00000006                   : sysctl.obj (.text:SysCtlDelay)
                  0000107c    00000004     rtsv7M4_T_le_v4SPD16_eabi.lib : pre_init.c.obj (.text:_system_pre_init)
                  00001080    00000004                                   : exit.c.obj (.text:abort:abort)

.const     0    00001084    0000012c     
                  00001084    00000090     driverlib.lib : gpio.obj (.const:g_pui32GPIOBaseAddrs)
                  00001114    0000006c                   : sysctl.obj (.const:g_pui32Xtals)
                  00001180    00000012     uartstdio.obj (.const:.string)
                  00001192    00000002     --HOLE-- [fill = 0]
                  00001194    0000000c     uartstdio.obj (.const:g_ui32UARTBase)
                  000011a0    0000000c     uartstdio.obj (.const:g_ui32UARTPeriph)
                  000011ac    00000004     uartstdio.obj (.const)

.cinit     0    000011b0    00000018     
                  000011b0    00000008     (__TI_handler_table)
                  000011b8    00000007     (.cinit..data.load) [load image, compression = lzss]
                  000011bf    00000001     --HOLE-- [fill = 0]
                  000011c0    00000008     (__TI_cinit_table)

.init_array 
*          0    00000000    00000000     UNINITIALIZED

.data      0    20000200    00000005     UNINITIALIZED
                  20000200    00000005     uartstdio.obj (.data)

.stack     0    20000000    00000200     UNINITIALIZED
                  20000000    00000004     rtsv7M4_T_le_v4SPD16_eabi.lib : boot_cortex_m.c.obj (.stack)
                  20000004    000001fc     --HOLE--

__llvm_prf_cnts 
*          0    20000000    00000000     UNINITIALIZED

MODULE SUMMARY

       Module                         code   ro data   rw data
       ------                         ----   -------   -------
    .\
       uartstdio.obj                  1192   46        5      
       main.obj                       632    0         0      
       tm4c123gh6pm_startup_ccs.obj   12     620       0      
    +--+------------------------------+------+---------+---------+
       Total:                         1836   666       5      
                                                              
    C:/ti/TivaWare_C_Series-2.2.0.295/driverlib/ccs/Debug/driverlib.lib
       sysctl.obj                     638    108       0      
       gpio.obj                       506    144       0      
       uart.obj                       160    0         0      
    +--+------------------------------+------+---------+---------+
       Total:                         1304   252       0      
                                                              
    C:\ti\ccs1240\ccs\tools\compiler\ti-cgt-arm_20.2.7.LTS\lib\rtsv7M4_T_le_v4SPD16_eabi.lib
       memcpy_t2.asm.obj              156    0         0      
       copy_decompress_lzss.c.obj     104    0         0      
       autoinit.c.obj                 68     0         0      
       u_divt2.asm.obj                64     0         0      
       boot_cortex_m.c.obj            52     0         0      
       copy_decompress_none.c.obj     14     0         0      
       exit.c.obj                     4      0         0      
       pre_init.c.obj                 4      0         0      
       div0.asm.obj                   2      0         0      
    +--+------------------------------+------+---------+---------+
       Total:                         468    0         0      
                                                              
       Stack:                         0      0         512    
       Linker Generated:              0      23        0      
    +--+------------------------------+------+---------+---------+
       Grand Total:                   3608   941       517    


LINKER GENERATED COPY TABLES

__TI_cinit_table @ 000011c0 records: 1, size/record: 8, table size: 8
	.data: load addr=000011b8, load size=00000007 bytes, run addr=20000200, run size=00000005 bytes, compression=lzss


LINKER GENERATED HANDLER TABLE

__TI_handler_table @ 000011b0 records: 2, size/record: 4, table size: 8
	index: 0, handler: __TI_decompress_lzss
	index: 1, handler: __TI_decompress_none


GLOBAL SYMBOLS: SORTED ALPHABETICALLY BY Name 

address   name                          
-------   ----                          
00001081  C$$EXIT                       
00000fc1  GPIODirModeSet                
0000098d  GPIOPadConfigSet              
00000e09  GPIOPinConfigure              
0000100d  GPIOPinTypeUART               
00000777  InitConsole                   
00000739  InitUART                      
00000831  ReceivePacket                 
0000081f  ReceivePacketByte             
00001045  ResetISR                      
00000af9  SysCtlClockGet                
00000c11  SysCtlClockSet                
00001077  SysCtlDelay                   
00000f59  SysCtlPeripheralEnable        
00000f21  SysCtlPeripheralPresent       
000007dd  TransmitPacket                
0000106f  UARTBusy                      
00001051  UARTCharGet                   
0000105b  UARTCharPut                   
00000e55  UARTConfigSetExpClk           
00000fed  UARTDisable                   
00001023  UARTEnable                    
00001065  UARTFIFOEnable                
0000026d  UARTStdioConfig               
000007c1  UART_SendByte                 
000003bd  UARTgetc                      
00000303  UARTgets                      
000006df  UARTprintf                    
000003e5  UARTvprintf                   
000002b3  UARTwrite                     
20000200  __STACK_END                   
00000200  __STACK_SIZE                  
20000200  __STACK_TOP                   
000011c0  __TI_CINIT_Base               
000011c8  __TI_CINIT_Limit              
000011b0  __TI_Handler_Table_Base       
000011b8  __TI_Handler_Table_Limit      
00000e9d  __TI_auto_init_nobinit_nopinit
00000da1  __TI_decompress_lzss          
00001037  __TI_decompress_none          
ffffffff  __TI_pprof_out_hndl           
ffffffff  __TI_prof_data_size           
ffffffff  __TI_prof_data_start          
00000000  __TI_static_base__            
00000e9b  __aeabi_idiv0                 
00000e9b  __aeabi_ldiv0                 
00000d05  __aeabi_memcpy                
00000d05  __aeabi_memcpy4               
00000d05  __aeabi_memcpy8               
00000ee1  __aeabi_uidiv                 
00000ee1  __aeabi_uidivmod              
ffffffff  __binit__                     
ffffffff  __c_args__                    
UNDEFED   __mpu_init                    
20000000  __stack                       
20000000  __start___llvm_prf_cnts       
20000000  __stop___llvm_prf_cnts        
00000f8d  _c_int00_noargs               
UNDEFED   _system_post_cinit            
0000107d  _system_pre_init              
00001081  abort                         
ffffffff  binit                         
00000000  g_pfnVectors                  
00000715  main                          
00000d05  memcpy                        


GLOBAL SYMBOLS: SORTED BY Symbol Address 

address   name                          
-------   ----                          
00000000  __TI_static_base__            
00000000  g_pfnVectors                  
00000200  __STACK_SIZE                  
0000026d  UARTStdioConfig               
000002b3  UARTwrite                     
00000303  UARTgets                      
000003bd  UARTgetc                      
000003e5  UARTvprintf                   
000006df  UARTprintf                    
00000715  main                          
00000739  InitUART                      
00000777  InitConsole                   
000007c1  UART_SendByte                 
000007dd  TransmitPacket                
0000081f  ReceivePacketByte             
00000831  ReceivePacket                 
0000098d  GPIOPadConfigSet              
00000af9  SysCtlClockGet                
00000c11  SysCtlClockSet                
00000d05  __aeabi_memcpy                
00000d05  __aeabi_memcpy4               
00000d05  __aeabi_memcpy8               
00000d05  memcpy                        
00000da1  __TI_decompress_lzss          
00000e09  GPIOPinConfigure              
00000e55  UARTConfigSetExpClk           
00000e9b  __aeabi_idiv0                 
00000e9b  __aeabi_ldiv0                 
00000e9d  __TI_auto_init_nobinit_nopinit
00000ee1  __aeabi_uidiv                 
00000ee1  __aeabi_uidivmod              
00000f21  SysCtlPeripheralPresent       
00000f59  SysCtlPeripheralEnable        
00000f8d  _c_int00_noargs               
00000fc1  GPIODirModeSet                
00000fed  UARTDisable                   
0000100d  GPIOPinTypeUART               
00001023  UARTEnable                    
00001037  __TI_decompress_none          
00001045  ResetISR                      
00001051  UARTCharGet                   
0000105b  UARTCharPut                   
00001065  UARTFIFOEnable                
0000106f  UARTBusy                      
00001077  SysCtlDelay                   
0000107d  _system_pre_init              
00001081  C$$EXIT                       
00001081  abort                         
000011b0  __TI_Handler_Table_Base       
000011b8  __TI_Handler_Table_Limit      
000011c0  __TI_CINIT_Base               
000011c8  __TI_CINIT_Limit              
20000000  __stack                       
20000000  __start___llvm_prf_cnts       
20000000  __stop___llvm_prf_cnts        
20000200  __STACK_END                   
20000200  __STACK_TOP                   
ffffffff  __TI_pprof_out_hndl           
ffffffff  __TI_prof_data_size           
ffffffff  __TI_prof_data_start          
ffffffff  __binit__                     
ffffffff  __c_args__                    
ffffffff  binit                         
UNDEFED   __mpu_init                    
UNDEFED   _system_post_cinit            

[65 symbols]
