******************************************************************************
                  TI ARM Linker PC v20.2.7                     
******************************************************************************
>> Linked Thu Mar 20 21:03:24 2025

OUTPUT FILE NAME:   <SWOMP_TX.out>
ENTRY POINT SYMBOL: "_c_int00_noargs"  address: 00000e69


MEMORY CONFIGURATION

         name            origin    length      used     unused   attr    fill
----------------------  --------  ---------  --------  --------  ----  --------
  FLASH                 00000000   00040000  000010a4  0003ef5c  R  X
  SRAM                  20000000   00008000  00000205  00007dfb  RW X


SEGMENT ALLOCATION MAP

run origin  load origin   length   init length attrs members
----------  ----------- ---------- ----------- ----- -------
00000000    00000000    000010a8   000010a8    r-x
  00000000    00000000    0000026c   0000026c    r-- .intvecs
  0000026c    0000026c    00000cf4   00000cf4    r-x .text
  00000f60    00000f60    0000012c   0000012c    r-- .const
  00001090    00001090    00000018   00000018    r-- .cinit
20000000    20000000    00000205   00000000    rw-
  20000000    20000000    00000200   00000000    rw- .stack
  20000200    20000200    00000005   00000000    rw- .data


SECTION ALLOCATION MAP

 output                                  attributes/
section   page    origin      length       input sections
--------  ----  ----------  ----------   ----------------
.intvecs   0    00000000    0000026c     
                  00000000    0000026c     tm4c123gh6pm_startup_ccs.obj (.intvecs)

.text      0    0000026c    00000cf4     
                  0000026c    000004a8     uartstdio.obj (.text)
                  00000714    0000016c     driverlib.lib : gpio.obj (.text:GPIOPadConfigSet)
                  00000880    00000154     main.obj (.text)
                  000009d4    00000118     driverlib.lib : sysctl.obj (.text:SysCtlClockGet)
                  00000aec    000000f4                   : sysctl.obj (.text:SysCtlClockSet)
                  00000be0    0000009c     rtsv7M4_T_le_v4SPD16_eabi.lib : memcpy_t2.asm.obj (.text)
                  00000c7c    00000068                                   : copy_decompress_lzss.c.obj (.text:decompress:lzss:__TI_decompress_lzss)
                  00000ce4    0000004c     driverlib.lib : gpio.obj (.text:GPIOPinConfigure)
                  00000d30    00000046                   : uart.obj (.text:UARTConfigSetExpClk)
                  00000d76    00000002     rtsv7M4_T_le_v4SPD16_eabi.lib : div0.asm.obj (.text)
                  00000d78    00000044                                   : autoinit.c.obj (.text:__TI_auto_init_nobinit_nopinit:__TI_auto_init_nobinit_nopinit)
                  00000dbc    00000040                                   : u_divt2.asm.obj (.text)
                  00000dfc    00000038     driverlib.lib : sysctl.obj (.text:SysCtlPeripheralPresent)
                  00000e34    00000034                   : sysctl.obj (.text:SysCtlPeripheralEnable)
                  00000e68    00000034     rtsv7M4_T_le_v4SPD16_eabi.lib : boot_cortex_m.c.obj (.text:_c_int00_noargs:_c_int00_noargs)
                  00000e9c    0000002c     driverlib.lib : gpio.obj (.text:GPIODirModeSet)
                  00000ec8    00000020                   : uart.obj (.text:UARTDisable)
                  00000ee8    00000016                   : gpio.obj (.text:GPIOPinTypeUART)
                  00000efe    00000014                   : uart.obj (.text:UARTEnable)
                  00000f12    0000000e     rtsv7M4_T_le_v4SPD16_eabi.lib : copy_decompress_none.c.obj (.text:decompress:none:__TI_decompress_none)
                  00000f20    0000000c     tm4c123gh6pm_startup_ccs.obj (.text)
                  00000f2c    0000000a     driverlib.lib : uart.obj (.text:UARTCharGet)
                  00000f36    0000000a                   : uart.obj (.text:UARTCharPut)
                  00000f40    0000000a                   : uart.obj (.text:UARTFIFOEnable)
                  00000f4a    00000008                   : uart.obj (.text:UARTBusy)
                  00000f52    00000006                   : sysctl.obj (.text:SysCtlDelay)
                  00000f58    00000004     rtsv7M4_T_le_v4SPD16_eabi.lib : pre_init.c.obj (.text:_system_pre_init)
                  00000f5c    00000004                                   : exit.c.obj (.text:abort:abort)

.const     0    00000f60    0000012c     
                  00000f60    00000090     driverlib.lib : gpio.obj (.const:g_pui32GPIOBaseAddrs)
                  00000ff0    0000006c                   : sysctl.obj (.const:g_pui32Xtals)
                  0000105c    00000012     uartstdio.obj (.const:.string)
                  0000106e    00000002     --HOLE-- [fill = 0]
                  00001070    0000000c     uartstdio.obj (.const:g_ui32UARTBase)
                  0000107c    0000000c     uartstdio.obj (.const:g_ui32UARTPeriph)
                  00001088    00000004     uartstdio.obj (.const)

.cinit     0    00001090    00000018     
                  00001090    00000008     (__TI_handler_table)
                  00001098    00000007     (.cinit..data.load) [load image, compression = lzss]
                  0000109f    00000001     --HOLE-- [fill = 0]
                  000010a0    00000008     (__TI_cinit_table)

.init_array 
*          0    00000000    00000000     UNINITIALIZED

.data      0    20000200    00000005     UNINITIALIZED
                  20000200    00000005     uartstdio.obj (.data)

.stack     0    20000000    00000200     UNINITIALIZED
                  20000000    00000004     rtsv7M4_T_le_v4SPD16_eabi.lib : boot_cortex_m.c.obj (.stack)
                  20000004    000001fc     --HOLE--

__llvm_prf_cnts 
*          0    20000000    00000000     UNINITIALIZED

MODULE SUMMARY

       Module                         code   ro data   rw data
       ------                         ----   -------   -------
    .\
       uartstdio.obj                  1192   46        5      
       tm4c123gh6pm_startup_ccs.obj   12     620       0      
       main.obj                       340    0         0      
    +--+------------------------------+------+---------+---------+
       Total:                         1544   666       5      
                                                              
    C:/ti/TivaWare_C_Series-2.2.0.295/driverlib/ccs/Debug/driverlib.lib
       sysctl.obj                     638    108       0      
       gpio.obj                       506    144       0      
       uart.obj                       160    0         0      
    +--+------------------------------+------+---------+---------+
       Total:                         1304   252       0      
                                                              
    C:\ti\ccs1240\ccs\tools\compiler\ti-cgt-arm_20.2.7.LTS\lib\rtsv7M4_T_le_v4SPD16_eabi.lib
       memcpy_t2.asm.obj              156    0         0      
       copy_decompress_lzss.c.obj     104    0         0      
       autoinit.c.obj                 68     0         0      
       u_divt2.asm.obj                64     0         0      
       boot_cortex_m.c.obj            52     0         0      
       copy_decompress_none.c.obj     14     0         0      
       exit.c.obj                     4      0         0      
       pre_init.c.obj                 4      0         0      
       div0.asm.obj                   2      0         0      
    +--+------------------------------+------+---------+---------+
       Total:                         468    0         0      
                                                              
       Stack:                         0      0         512    
       Linker Generated:              0      23        0      
    +--+------------------------------+------+---------+---------+
       Grand Total:                   3316   941       517    


LINKER GENERATED COPY TABLES

__TI_cinit_table @ 000010a0 records: 1, size/record: 8, table size: 8
	.data: load addr=00001098, load size=00000007 bytes, run addr=20000200, run size=00000005 bytes, compression=lzss


LINKER GENERATED HANDLER TABLE

__TI_handler_table @ 00001090 records: 2, size/record: 4, table size: 8
	index: 0, handler: __TI_decompress_lzss
	index: 1, handler: __TI_decompress_none


GLOBAL SYMBOLS: SORTED ALPHABETICALLY BY Name 

address   name                          
-------   ----                          
00000f5d  C$$EXIT                       
00000e9d  GPIODirModeSet                
00000715  GPIOPadConfigSet              
00000ce5  GPIOPinConfigure              
00000ee9  GPIOPinTypeUART               
000008f1  InitConsole                   
000008b3  InitUART                      
00000f21  ResetISR                      
000009d5  SysCtlClockGet                
00000aed  SysCtlClockSet                
00000f53  SysCtlDelay                   
00000e35  SysCtlPeripheralEnable        
00000dfd  SysCtlPeripheralPresent       
00000957  TransmitPacket                
00000f4b  UARTBusy                      
00000f2d  UARTCharGet                   
00000f37  UARTCharPut                   
00000d31  UARTConfigSetExpClk           
00000ec9  UARTDisable                   
00000eff  UARTEnable                    
00000f41  UARTFIFOEnable                
0000026d  UARTStdioConfig               
0000093b  UART_SendByte                 
000003bd  UARTgetc                      
00000303  UARTgets                      
000006df  UARTprintf                    
000003e5  UARTvprintf                   
000002b3  UARTwrite                     
20000200  __STACK_END                   
00000200  __STACK_SIZE                  
20000200  __STACK_TOP                   
000010a0  __TI_CINIT_Base               
000010a8  __TI_CINIT_Limit              
00001090  __TI_Handler_Table_Base       
00001098  __TI_Handler_Table_Limit      
00000d79  __TI_auto_init_nobinit_nopinit
00000c7d  __TI_decompress_lzss          
00000f13  __TI_decompress_none          
ffffffff  __TI_pprof_out_hndl           
ffffffff  __TI_prof_data_size           
ffffffff  __TI_prof_data_start          
00000000  __TI_static_base__            
00000d77  __aeabi_idiv0                 
00000d77  __aeabi_ldiv0                 
00000be1  __aeabi_memcpy                
00000be1  __aeabi_memcpy4               
00000be1  __aeabi_memcpy8               
00000dbd  __aeabi_uidiv                 
00000dbd  __aeabi_uidivmod              
ffffffff  __binit__                     
ffffffff  __c_args__                    
UNDEFED   __mpu_init                    
20000000  __stack                       
20000000  __start___llvm_prf_cnts       
20000000  __stop___llvm_prf_cnts        
00000e69  _c_int00_noargs               
UNDEFED   _system_post_cinit            
00000f59  _system_pre_init              
00000f5d  abort                         
ffffffff  binit                         
00000000  g_pfnVectors                  
00000881  main                          
00000be1  memcpy                        


GLOBAL SYMBOLS: SORTED BY Symbol Address 

address   name                          
-------   ----                          
00000000  __TI_static_base__            
00000000  g_pfnVectors                  
00000200  __STACK_SIZE                  
0000026d  UARTStdioConfig               
000002b3  UARTwrite                     
00000303  UARTgets                      
000003bd  UARTgetc                      
000003e5  UARTvprintf                   
000006df  UARTprintf                    
00000715  GPIOPadConfigSet              
00000881  main                          
000008b3  InitUART                      
000008f1  InitConsole                   
0000093b  UART_SendByte                 
00000957  TransmitPacket                
000009d5  SysCtlClockGet                
00000aed  SysCtlClockSet                
00000be1  __aeabi_memcpy                
00000be1  __aeabi_memcpy4               
00000be1  __aeabi_memcpy8               
00000be1  memcpy                        
00000c7d  __TI_decompress_lzss          
00000ce5  GPIOPinConfigure              
00000d31  UARTConfigSetExpClk           
00000d77  __aeabi_idiv0                 
00000d77  __aeabi_ldiv0                 
00000d79  __TI_auto_init_nobinit_nopinit
00000dbd  __aeabi_uidiv                 
00000dbd  __aeabi_uidivmod              
00000dfd  SysCtlPeripheralPresent       
00000e35  SysCtlPeripheralEnable        
00000e69  _c_int00_noargs               
00000e9d  GPIODirModeSet                
00000ec9  UARTDisable                   
00000ee9  GPIOPinTypeUART               
00000eff  UARTEnable                    
00000f13  __TI_decompress_none          
00000f21  ResetISR                      
00000f2d  UARTCharGet                   
00000f37  UARTCharPut                   
00000f41  UARTFIFOEnable                
00000f4b  UARTBusy                      
00000f53  SysCtlDelay                   
00000f59  _system_pre_init              
00000f5d  C$$EXIT                       
00000f5d  abort                         
00001090  __TI_Handler_Table_Base       
00001098  __TI_Handler_Table_Limit      
000010a0  __TI_CINIT_Base               
000010a8  __TI_CINIT_Limit              
20000000  __stack                       
20000000  __start___llvm_prf_cnts       
20000000  __stop___llvm_prf_cnts        
20000200  __STACK_END                   
20000200  __STACK_TOP                   
ffffffff  __TI_pprof_out_hndl           
ffffffff  __TI_prof_data_size           
ffffffff  __TI_prof_data_start          
ffffffff  __binit__                     
ffffffff  __c_args__                    
ffffffff  binit                         
UNDEFED   __mpu_init                    
UNDEFED   _system_post_cinit            

[63 symbols]
